// Jest Snapshot v1, https://goo.gl/fbAQLP

exports[`Details component renders Details 1`] = `
<Fragment>
  <h3>
    Dana Scully
  </h3>
  <img
    src="https://vignette.wikia.nocookie.net/x-files/images/3/31/TXF_Scully.jpg/revision/latest/scale-to-width-down/310?cb=20171214040235"
  />
</Fragment>
`;
